// Jest Snapshot v1, https://goo.gl/fbAQLP

exports[`<Toggle /> should render OFF by default 1`] = `
<div
  className="ant-table-wrapper css-dev-only-do-not-override-yp8pcc"
>
  <div
    className="ant-spin-nested-loading css-dev-only-do-not-override-yp8pcc"
  >
    <div
      className="ant-spin-container"
    >
      <div
        className="ant-table ant-table-small"
      >
        <div
          className="ant-table-container"
        >
          <div
            className="ant-table-content"
            onScroll={[Function]}
            style={{}}
          >
            <table
              style={
                {
                  "tableLayout": "auto",
                }
              }
            >
              <colgroup />
              <thead
                className="ant-table-thead"
              >
                <tr>
                  <th
                    className="ant-table-cell"
                    colSpan={null}
                    onMouseEnter={[Function]}
                    onMouseLeave={[Function]}
                    rowSpan={null}
                    scope="col"
                    style={{}}
                  >
                    Время
                  </th>
                  <th
                    className="ant-table-cell"
                    colSpan={null}
                    onMouseEnter={[Function]}
                    onMouseLeave={[Function]}
                    rowSpan={null}
                    scope="col"
                    style={{}}
                  >
                    Name
                  </th>
                  <th
                    className="ant-table-cell"
                    colSpan={null}
                    onMouseEnter={[Function]}
                    onMouseLeave={[Function]}
                    rowSpan={null}
                    scope="col"
                    style={{}}
                  >
                    Age
                  </th>
                  <th
                    className="ant-table-cell"
                    colSpan={null}
                    onMouseEnter={[Function]}
                    onMouseLeave={[Function]}
                    rowSpan={null}
                    scope="col"
                    style={{}}
                  >
                    Address
                  </th>
                </tr>
              </thead>
              <tbody
                className="ant-table-tbody"
              >
                <tr
                  className="ant-table-row ant-table-row-level-0"
                  data-row-key="1"
                  onClick={[Function]}
                  style={{}}
                >
                  <td
                    className="ant-table-cell"
                    colSpan={null}
                    onMouseEnter={[Function]}
                    onMouseLeave={[Function]}
                    rowSpan={null}
                    style={{}}
                  />
                  <td
                    className="ant-table-cell"
                    colSpan={null}
                    onMouseEnter={[Function]}
                    onMouseLeave={[Function]}
                    rowSpan={null}
                    style={{}}
                  >
                    Mike
                  </td>
                  <td
                    className="ant-table-cell"
                    colSpan={null}
                    onMouseEnter={[Function]}
                    onMouseLeave={[Function]}
                    rowSpan={null}
                    style={{}}
                  >
                    32
                  </td>
                  <td
                    className="ant-table-cell"
                    colSpan={null}
                    onMouseEnter={[Function]}
                    onMouseLeave={[Function]}
                    rowSpan={null}
                    style={{}}
                  >
                    10 Downing Street
                  </td>
                </tr>
                <tr
                  className="ant-table-row ant-table-row-level-0"
                  data-row-key="2"
                  onClick={[Function]}
                  style={{}}
                >
                  <td
                    className="ant-table-cell"
                    colSpan={null}
                    onMouseEnter={[Function]}
                    onMouseLeave={[Function]}
                    rowSpan={null}
                    style={{}}
                  />
                  <td
                    className="ant-table-cell"
                    colSpan={null}
                    onMouseEnter={[Function]}
                    onMouseLeave={[Function]}
                    rowSpan={null}
                    style={{}}
                  >
                    John
                  </td>
                  <td
                    className="ant-table-cell"
                    colSpan={null}
                    onMouseEnter={[Function]}
                    onMouseLeave={[Function]}
                    rowSpan={null}
                    style={{}}
                  >
                    42
                  </td>
                  <td
                    className="ant-table-cell"
                    colSpan={null}
                    onMouseEnter={[Function]}
                    onMouseLeave={[Function]}
                    rowSpan={null}
                    style={{}}
                  >
                    10 Downing Street
                  </td>
                </tr>
              </tbody>
            </table>
          </div>
        </div>
      </div>
      <ul
        className="ant-pagination ant-pagination-mini ant-table-pagination ant-table-pagination-right css-dev-only-do-not-override-yp8pcc"
        style={{}}
      >
        <li
          aria-disabled={true}
          className="ant-pagination-prev ant-pagination-disabled"
          onClick={[Function]}
          onKeyPress={[Function]}
          tabIndex={null}
          title="Previous Page"
        >
          <button
            className="ant-pagination-item-link"
            disabled={true}
            tabIndex={-1}
            type="button"
          >
            <span
              aria-label="left"
              className="anticon anticon-left"
              role="img"
            >
              <svg
                aria-hidden="true"
                data-icon="left"
                fill="currentColor"
                focusable="false"
                height="1em"
                viewBox="64 64 896 896"
                width="1em"
              >
                <path
                  d="M724 218.3V141c0-6.7-7.7-10.4-12.9-6.3L260.3 486.8a31.86 31.86 0 000 50.3l450.8 352.1c5.3 4.1 12.9.4 12.9-6.3v-77.3c0-4.9-2.3-9.6-6.1-12.6l-360-281 360-281.1c3.8-3 6.1-7.7 6.1-12.6z"
                />
              </svg>
            </span>
          </button>
        </li>
        <li
          className="ant-pagination-item ant-pagination-item-1 ant-pagination-item-active"
          onClick={[Function]}
          onKeyPress={[Function]}
          tabIndex={0}
          title="1"
        >
          <a
            rel="nofollow"
          >
            1
          </a>
        </li>
        <li
          aria-disabled={true}
          className="ant-pagination-next ant-pagination-disabled"
          onClick={[Function]}
          onKeyPress={[Function]}
          tabIndex={null}
          title="Next Page"
        >
          <button
            className="ant-pagination-item-link"
            disabled={true}
            tabIndex={-1}
            type="button"
          >
            <span
              aria-label="right"
              className="anticon anticon-right"
              role="img"
            >
              <svg
                aria-hidden="true"
                data-icon="right"
                fill="currentColor"
                focusable="false"
                height="1em"
                viewBox="64 64 896 896"
                width="1em"
              >
                <path
                  d="M765.7 486.8L314.9 134.7A7.97 7.97 0 00302 141v77.3c0 4.9 2.3 9.6 6.1 12.6l360 281.1-360 281.1c-3.9 3-6.1 7.7-6.1 12.6V883c0 6.7 7.7 10.4 12.9 6.3l450.8-352.1a31.96 31.96 0 000-50.4z"
                />
              </svg>
            </span>
          </button>
        </li>
      </ul>
    </div>
  </div>
</div>
`;
